Anivexa dev server → http://localhost:8002
→ GET /
→ GET /watch/allmanga/182205/sub/allmanga-1
→ GET /watch/anikoto/182205/sub/anikoto-1
→ GET /watch/animedunya/182205/sub/animedunya-1
→ GET /watch/anikoto/182205/sub/anikoto-1
→ GET /episodes/182205
→ GET /episodes/186863
→ GET /watch/allmanga/186863/sub/allmanga-1
→ GET /watch/allmanga/186863/sub/allmanga-1
→ GET /watch/allmanga/182205/sub/allmanga-1
→ GET /watch/allmanga/186863/sub/allmanga-1
→ GET /watch/allmanga/182205/sub/allmanga-1
→ GET /watch/reanime/186863/sub/reanime-1
→ GET /watch/allmanga/182205/sub/allmanga-1
→ GET /watch/reanime/182205/sub/reanime-1
→ GET /watch/anikoto/186863/sub/anikoto-1
→ GET /watch/reanime/182205/sub/reanime-1
→ GET /watch/animedunya/182205/sub/animedunya-1
→ GET /watch/reanime/182205/sub/reanime-1
→ GET /watch/anikoto/182205/sub/anikoto-1
→ GET /watch/anineko/182205/sub/anineko-1
→ GET /watch/anizone/182205/sub/anizone-1
→ GET /episodes/21
→ GET /watch/anibd/182205/sub/anibd-1
→ GET /watch/kaa/182205/sub/kaa-1
→ GET /watch/animegg/182205/sub/animegg-1
→ GET /watch/allmanga/21/sub/allmanga-1
→ GET /watch/allmanga/21/sub/allmanga-1
→ GET /watch/reanime/21/sub/reanime-1
→ GET /watch/allmanga/21/sub/allmanga-1
→ GET /watch/animedunya/182205/sub/animedunya-1
→ GET /
→ GET /watch/animedunya/182205/sub/animedunya-1
→ GET /watch/allmanga/21/sub/allmanga-1
→ GET /watch/allmanga/21/sub/allmanga-1
→ GET /watch/allmanga/21/sub/allmanga-1
→ GET /watch/reanime/21/sub/reanime-1
→ GET /watch/animedunya/182205/sub/animedunya-1
→ GET /watch/animedunya/182205/sub/animedunya-1
→ GET /episodes/182205
→ GET /episodes/182205
→ GET /watch/animedunya/182205/sub/animedunya-1
→ GET /watch/animedunya/182205/sub/animedunya-1
→ GET /watch/anikoto/21/sub/anikoto-1
→ GET /episodes/21
→ GET /episodes/21
→ GET /episodes/21
→ GET /episodes/21
→ GET /watch/allmanga/21/sub/allmanga-1
→ GET /watch/allmanga/21/sub/allmanga-1
→ GET /watch/allmanga/21/sub/allmanga-1
→ GET /watch/reanime/21/sub/reanime-1
→ GET /watch/allmanga/21/sub/allmanga-1
→ GET /watch/allmanga/21/sub/allmanga-1
→ GET /watch/anidbapp/21/sub/anidbapp-1
→ GET /watch/allmanga/21/sub/allmanga-1
→ GET /watch/anidbapp/21/sub/anidbapp-1
→ GET /watch/animenosub/21/sub/animenosub-1
→ GET /episodes/182205
→ GET /watch/allmanga/182205/sub/allmanga-1
→ GET /watch/allmanga/182205/sub/allmanga-1
→ GET /watch/anizone/21/sub/anizone-1
→ GET /watch/allmanga/182205/sub/allmanga-1
→ GET /watch/reanime/182205/sub/reanime-1
→ GET /watch/anikoto/182205/sub/anikoto-1
→ GET /watch/anibd/21/sub/anibd-1
→ GET /watch/anibd/21/sub/anibd-1
→ GET /watch/allmanga/21/sub/allmanga-1
→ GET /watch/allmanga/182205/sub/allmanga-1
→ GET /watch/allmanga/21/sub/allmanga-1
→ GET /watch/allmanga/182205/sub/allmanga-1
→ GET /watch/allmanga/21/sub/allmanga-1
→ GET /watch/allmanga/182205/sub/allmanga-1
→ GET /watch/reanime/182205/sub/reanime-1
→ GET /watch/reanime/21/sub/reanime-1
→ GET /watch/allmanga/182205/sub/allmanga-1
→ GET /watch/allmanga/182205/sub/allmanga-1
→ GET /watch/allmanga/182205/sub/allmanga-1
→ GET /watch/reanime/182205/sub/reanime-1
→ GET /watch/anikoto/182205/sub/anikoto-1
→ GET /watch/anikoto/21/sub/anikoto-1
→ GET /watch/allmanga/21/sub/allmanga-1
→ GET /watch/allmanga/21/sub/allmanga-1
→ GET /watch/allmanga/21/sub/allmanga-1
→ GET /watch/reanime/21/sub/reanime-1
→ GET /episodes/141953
→ GET /watch/anikoto/182205/sub/anikoto-1
→ GET /watch/animegg/182205/dub/animegg-1
→ GET /episodes/141953
→ GET /watch/animegg/182205/sub/animegg-1
→ GET /episodes/182205
→ GET /watch/allmanga/141953/sub/allmanga-1
→ GET /watch/allmanga/141953/sub/allmanga-1
→ GET /watch/allmanga/141953/sub/allmanga-1
→ GET /watch/reanime/141953/sub/reanime-1
→ GET /watch/anikoto/141953/sub/anikoto-1
→ GET /episodes/182205
→ GET /episodes/182205
→ GET /episodes/182205
→ GET /episodes/21
→ GET /watch/allmanga/21/sub/allmanga-1
→ GET /watch/allmanga/21/sub/allmanga-1
→ GET /watch/allmanga/21/sub/allmanga-1
→ GET /watch/reanime/21/sub/reanime-1
→ GET /watch/anikoto/21/sub/anikoto-1
→ GET /watch/anikoto/21/dub/anikoto-1
→ GET /watch/animegg/21/dub/animegg-1
→ GET /episodes/141953
→ GET /episodes/141953
→ GET /watch/animegg/182205/sub/animegg-1
→ GET /episodes/182205
→ GET /episodes/182205
→ GET /watch/allmanga/141953/sub/allmanga-1
→ GET /watch/allmanga/141953/sub/allmanga-3
→ GET /watch/allmanga/141953/sub/allmanga-1
→ GET /watch/reanime/141953/sub/reanime-1
→ GET /watch/allmanga/141953/sub/allmanga-1
→ GET /watch/reanime/141953/sub/reanime-3
→ GET /watch/anikoto/141953/sub/anikoto-1
→ GET /watch/animedunya/182205/sub/animedunya-1
→ GET /
→ GET /episodes/182205
→ GET /episodes/182205
→ GET /watch/animedunya/182205/sub/animedunya-1
→ GET /episodes/182205
→ GET /episodes/182205
→ GET /episodes/182205
→ GET /watch/animedunya/182205/sub/animedunya-1
→ GET /episodes/208225
→ GET /watch/allmanga/208225/sub/allmanga-1
→ GET /watch/allmanga/208225/sub/allmanga-1
→ GET /watch/allmanga/208225/sub/allmanga-1
→ GET /watch/reanime/208225/sub/reanime-1
→ GET /watch/anikoto/208225/sub/anikoto-1
→ GET /episodes/21
→ GET /episodes/195600
→ GET /watch/allmanga/195600/sub/allmanga-1
→ GET /watch/allmanga/195600/sub/allmanga-1
→ GET /watch/allmanga/195600/sub/allmanga-1
→ GET /watch/reanime/195600/sub/reanime-1
→ GET /watch/anikoto/195600/sub/anikoto-1
→ GET /episodes/214863
→ GET /episodes/21
→ GET /episodes/195600
→ GET /watch/allmanga/195600/sub/allmanga-1
→ GET /watch/allmanga/195600/sub/allmanga-1
→ GET /watch/allmanga/195600/sub/allmanga-1
→ GET /watch/reanime/195600/sub/reanime-1
→ GET /watch/anikoto/195600/sub/anikoto-1
→ GET /episodes/21087
→ GET /watch/allmanga/21087/sub/allmanga-1
→ GET /watch/allmanga/21087/sub/allmanga-1
→ GET /watch/allmanga/21087/sub/allmanga-1
→ GET /watch/reanime/21087/sub/reanime-1
→ GET /watch/animegg/21087/sub/animegg-1
→ GET /watch/anineko/21087/sub/anineko-1
→ GET /watch/anidbapp/21087/sub/anidbapp-1
→ GET /watch/reanime/21087/sub/reanime-1
→ GET /watch/anikoto/21087/sub/anikoto-1
→ GET /watch/kaa/21087/sub/kaa-1
→ GET /watch/anibd/21087/sub/anibd-1
→ GET /watch/anizone/21087/sub/anizone-1
→ GET /watch/animedunya/21087/sub/animedunya-1
→ GET /episodes/16498
→ GET /watch/allmanga/16498/sub/allmanga-0
→ GET /watch/allmanga/16498/dub/allmanga-1
→ GET /watch/allmanga/16498/sub/allmanga-0
→ GET /watch/allmanga/16498/dub/allmanga-1
→ GET /watch/reanime/16498/sub/reanime-1
→ GET /watch/reanime/16498/dub/reanime-1
→ GET /episodes/21
→ GET /watch/reanime/21/sub/reanime-1
→ GET /watch/reanime/21/dub/reanime-1
→ GET /watch/kaa/21/sub/kaa-1
→ GET /watch/kaa/21/dub/kaa-1
→ GET /watch/anikoto/21/sub/anikoto-1
→ GET /watch/anikoto/21/dub/anikoto-1
→ GET /watch/animegg/21/sub/animegg-1
→ GET /watch/animegg/21/dub/animegg-1
→ GET /watch/anineko/21/sub/anineko-1
→ GET /watch/anineko/21/dub/anineko-1
→ GET /watch/reanime/21/sub/reanime-1
→ GET /watch/reanime/21/dub/reanime-1
→ GET /episodes/195600
→ GET /watch/allmanga/195600/sub/allmanga-1
→ GET /watch/allmanga/195600/sub/allmanga-1
→ GET /watch/allmanga/195600/sub/allmanga-1
→ GET /watch/reanime/195600/sub/reanime-1
→ GET /watch/anikoto/195600/sub/anikoto-1
→ GET /episodes/113415
→ GET /watch/allmanga/113415/sub/allmanga-1
→ GET /watch/allmanga/113415/sub/allmanga-1
→ GET /watch/allmanga/113415/sub/allmanga-1
→ GET /watch/reanime/113415/sub/reanime-1
→ GET /watch/anikoto/113415/sub/anikoto-1
→ GET /watch/anikoto/113415/dub/anikoto-1
→ GET /episodes/201514
→ GET /watch/allmanga/201514/sub/allmanga-1
→ GET /watch/allmanga/201514/sub/allmanga-1
→ GET /watch/allmanga/201514/sub/allmanga-1
→ GET /watch/reanime/201514/sub/reanime-1
→ GET /episodes/16498
→ GET /watch/allmanga/16498/sub/allmanga-0
→ GET /watch/allmanga/16498/sub/allmanga-0
→ GET /watch/allmanga/16498/sub/allmanga-0
→ GET /watch/reanime/16498/sub/reanime-1
→ GET /watch/anikoto/16498/sub/anikoto-1
→ GET /watch/anikoto/16498/sub/anikoto-2
→ GET /episodes/195600
→ GET /watch/allmanga/195600/sub/allmanga-1
→ GET /watch/allmanga/195600/sub/allmanga-1
→ GET /watch/allmanga/195600/sub/allmanga-1
→ GET /watch/reanime/195600/sub/reanime-1
→ GET /watch/anikoto/195600/sub/anikoto-1
→ GET /watch/anikoto/195600/sub/anikoto-1
→ GET /episodes/147105
→ GET /watch/allmanga/147105/sub/allmanga-1
→ GET /watch/allmanga/147105/sub/allmanga-1
→ GET /watch/allmanga/147105/sub/allmanga-1
→ GET /watch/reanime/147105/sub/reanime-1
→ GET /watch/anikoto/147105/sub/anikoto-1
→ GET /watch/anikoto/147105/sub/anikoto-1
→ GET /episodes/147105
→ GET /watch/animegg/147105/sub/animegg-1
→ GET /watch/anineko/147105/sub/anineko-1
→ GET /watch/anidbapp/147105/sub/anidbapp-1
→ GET /watch/animenosub/147105/sub/animenosub-1
→ GET /episodes/147105
→ GET /watch/animenosub/147105/sub/animenosub-1
→ GET /episodes/147105
→ GET /watch/animenosub/147105/sub/animenosub-1
→ GET /episodes/147105
→ GET /episodes/195600
→ GET /watch/allmanga/195600/sub/allmanga-1
→ GET /watch/allmanga/195600/sub/allmanga-1
→ GET /watch/allmanga/195600/sub/allmanga-1
→ GET /watch/reanime/195600/sub/reanime-1
→ GET /watch/anikoto/195600/sub/anikoto-1
→ GET /watch/animegg/195600/sub/animegg-1
→ GET /watch/anineko/195600/sub/anineko-1
→ GET /watch/anidbapp/195600/sub/anidbapp-1
→ GET /episodes/185874
→ GET /episodes/185874
→ GET /watch/allmanga/195600/sub/allmanga-1
→ GET /watch/allmanga/195600/sub/allmanga-1
→ GET /watch/allmanga/195600/sub/allmanga-1
→ GET /watch/reanime/195600/sub/reanime-1
→ GET /episodes/269
→ GET /episodes/195600
→ GET /episodes/201514
→ GET /episodes/136312
→ GET /episodes/187538
→ GET /watch/allmanga/187538/sub/allmanga-1
→ GET /watch/allmanga/187538/sub/allmanga-1
→ GET /watch/allmanga/187538/sub/allmanga-1
→ GET /watch/reanime/187538/sub/reanime-1
→ GET /watch/anikoto/187538/sub/anikoto-1
→ GET /watch/animegg/187538/sub/animegg-1
→ GET /watch/anineko/187538/sub/anineko-1
→ GET /watch/anidbapp/187538/sub/anidbapp-1
→ GET /watch/animenosub/187538/sub/animenosub-1
→ GET /episodes/195600
→ GET /watch/allmanga/195600/sub/allmanga-1
→ GET /watch/allmanga/195600/sub/allmanga-1
→ GET /watch/allmanga/195600/sub/allmanga-1
→ GET /watch/reanime/195600/sub/reanime-1
→ GET /watch/anikoto/195600/sub/anikoto-1
→ GET /watch/animegg/195600/sub/animegg-1
→ GET /watch/anineko/195600/sub/anineko-1
→ GET /watch/anidbapp/195600/sub/anidbapp-1
→ GET /watch/animenosub/195600/sub/animenosub-1
→ GET /watch/anizone/195600/sub/anizone-1
→ GET /watch/anibd/195600/sub/anibd-1
→ GET /watch/kaa/195600/sub/kaa-1
→ GET /watch/animedunya/195600/sub/animedunya-1
→ GET /
→ GET /episodes/21
→ GET /episodes/21
→ GET /episodes/21
