[ep:senshi] Senshi episodes 502 (MAL 59970)
[ep:2dhive] 2dhive: no player props for mal 59970 ep1
[ep:senshi] Senshi episodes 502 (MAL 61048)
[ep:kaa] KAA: low confidence match for AniList 186863 — best "neko-to-ryuu-89c7" score 0.500
[ep:2dhive] 2dhive: no player props for mal 61048 ep1
[ep:senshi] Senshi episodes 502 (MAL 21)
[ep:2dhive] 2dhive: no player props for mal 21 ep1
[ep:senshi] Senshi episodes 502 (MAL 59970)
[ep:2dhive] 2dhive: no player props for mal 59970 ep1
[ep:anineko] HTTP 500 fetching https://anineko.to/watch/that-time-i-got-reincarnated-as-a-slime
[ep:2dhive] 2dhive: no player props for mal 59970 ep1
[ep:senshi] Senshi episodes 502 (MAL 59970)
[ep:senshi] Senshi episodes 502 (MAL 21)
[ep:2dhive] 2dhive: no player props for mal 21 ep1
[ep:senshi] Senshi episodes 502 (MAL 21)
[ep:2dhive] 2dhive: no player props for mal 21 ep1
[ep:anizone] HTTP 502 fetching https://anizone.to/anime/zldcbsft
[ep:senshi] Senshi episodes 502 (MAL 21)
[ep:2dhive] 2dhive: no player props for mal 21 ep1
[ep:senshi] Senshi episodes 502 (MAL 21)
[ep:2dhive] 2dhive: no player props for mal 21 ep1
[ep:senshi] Senshi episodes 502 (MAL 59970)
[ep:2dhive] 2dhive: no player props for mal 59970 ep1
[ep:anibd] anibd: no episodes found for AniList 141953
[ep:senshi] Senshi episodes 502 (MAL 60568)
[ep:2dhive] 2dhive: no episodes found for AniList 141953 (MAL 60568)
[ep:anineko] AniNeko match not found for AniList 141953
[ep:kaa] KAA: no episodes found for AniList 141953 (slug: false-memory-2-52d8)
[ep:animegg] AnimeGG match not found for AniList 141953
[ep:anibd] anibd: no episodes found for AniList 141953
[ep:2dhive] 2dhive: no episodes found for AniList 141953 (MAL 60568)
[ep:senshi] Senshi episodes 502 (MAL 60568)
[ep:animegg] AnimeGG match not found for AniList 141953
[ep:anineko] AniNeko match not found for AniList 141953
[ep:kaa] KAA: no episodes found for AniList 141953 (slug: false-memory-2-52d8)
[ep:anizone] AniZone match not found for AniList 141953
[ep:anizone] AniZone match not found for AniList 141953
[ep:senshi] Senshi episodes 502 (MAL 59970)
[ep:2dhive] 2dhive: no player props for mal 59970 ep1
[ep:senshi] Senshi episodes 502 (MAL 59970)
[ep:2dhive] 2dhive: no player props for mal 59970 ep1
[ep:senshi] Senshi episodes 502 (MAL 59970)
[ep:2dhive] 2dhive: no player props for mal 59970 ep1
[ep:senshi] Senshi episodes 502 (MAL 59970)
[ep:2dhive] 2dhive: no player props for mal 59970 ep1
[ep:anizone] HTTP 502 fetching https://anizone.to/anime/q3n6aqt7
[ep:anizone] HTTP 502 fetching https://anizone.to/anime/q3n6aqt7
[ep:senshi] Senshi episodes 502 (MAL 21)
[ep:2dhive] 2dhive: no player props for mal 21 ep1
[ep:anibd] anibd: no episodes found for AniList 141953
[ep:senshi] Senshi episodes 502 (MAL 60568)
[ep:2dhive] 2dhive: no episodes found for AniList 141953 (MAL 60568)
[ep:anineko] AniNeko match not found for AniList 141953
[ep:kaa] KAA: no episodes found for AniList 141953 (slug: false-memory-2-52d8)
[ep:animegg] AnimeGG match not found for AniList 141953
[ep:anibd] anibd: no episodes found for AniList 141953
[ep:senshi] Senshi episodes 502 (MAL 60568)
[ep:2dhive] 2dhive: no episodes found for AniList 141953 (MAL 60568)
[ep:anineko] AniNeko match not found for AniList 141953
[ep:kaa] KAA: no episodes found for AniList 141953 (slug: false-memory-2-52d8)
[ep:animegg] AnimeGG match not found for AniList 141953
[ep:anizone] AniZone match not found for AniList 141953
[ep:anizone] AniZone match not found for AniList 141953
[ep:senshi] Senshi episodes 502 (MAL 59970)
[ep:2dhive] 2dhive: no player props for mal 59970 ep1
[ep:senshi] Senshi episodes 502 (MAL 59970)
[ep:2dhive] 2dhive: no player props for mal 59970 ep1
[ep:senshi] Senshi episodes 502 (MAL 59970)
[ep:2dhive] 2dhive: no player props for mal 59970 ep1
[ep:senshi] Senshi episodes 502 (MAL 59970)
[ep:2dhive] 2dhive: no player props for mal 59970 ep1
[ep:anizone] HTTP 502 fetching https://anizone.to/anime/m1zauh0z
[ep:senshi] Senshi episodes 502 (MAL 59970)
[ep:2dhive] 2dhive: no player props for mal 59970 ep1
[ep:senshi] Senshi episodes 502 (MAL 59970)
[ep:2dhive] 2dhive: no player props for mal 59970 ep1
[ep:anizone] HTTP 502 fetching https://anizone.to/anime/z6cxc5zy
[ep:senshi] Senshi episodes 502 (MAL 59970)
[ep:2dhive] 2dhive: no player props for mal 59970 ep1
[ep:senshi] Senshi episodes 502 (MAL 63537)
[ep:2dhive] 2dhive: no episodes found for AniList 208225 (MAL 63537)
[ep:senshi] Senshi episodes 502 (MAL 21)
[ep:2dhive] 2dhive: no player props for mal 21 ep1
[ep:senshi] Senshi episodes 502 (MAL 62001)
[ep:2dhive] 2dhive: no player props for mal 62001 ep1
[ep:2dhive] 2dhive: no MAL ID found for AniList 214863
[ep:senshi] Senshi: no MAL ID found for AniList 214863
[ep:animedunya] AnimeDunya: no MAL ID found
[ep:kaa] KAA: no search results for AniList 214863
[ep:anibd] anibd: no episodes found for AniList 214863
[ep:reanime] No confirmed reanime match for AniList 214863
[ep:anineko] AniNeko match not found for AniList 214863
[ep:animenosub] animenosub match not found for AniList 214863
[ep:allmanga] No AllAnime match for "Akuyaku no Ending wa Shi nomi"
[ep:anizone] AniZone match not found for AniList 214863
[ep:animegg] AnimeGG match not found for AniList 214863
[ep:anidbapp] AniDB.app match not found for AniList 214863
[ep:senshi] Senshi episodes 502 (MAL 21)
[ep:2dhive] 2dhive: no player props for mal 21 ep1
[ep:senshi] Senshi episodes 502 (MAL 62001)
[ep:2dhive] 2dhive: no player props for mal 62001 ep1
[ep:senshi] Senshi episodes 502 (MAL 30276)
[ep:2dhive] 2dhive: no player props for mal 30276 ep1
[ep:senshi] Senshi episodes 502 (MAL 16498)
[ep:animenosub] animenosub match not found for AniList 16498
[ep:2dhive] 2dhive: no player props for mal 16498 ep1
[ep:senshi] Senshi episodes 502 (MAL 21)
[ep:2dhive] 2dhive: no player props for mal 21 ep1
[ep:senshi] Senshi episodes 502 (MAL 62001)
[ep:2dhive] 2dhive: no player props for mal 62001 ep1
[ep:senshi] Senshi episodes 502 (MAL 40748)
[ep:2dhive] 2dhive: no player props for mal 40748 ep1
[ep:2dhive] 2dhive: no MAL ID found for AniList 201514
[ep:senshi] Senshi: no MAL ID found for AniList 201514
[ep:animedunya] AnimeDunya: no MAL ID found
[ep:senshi] Senshi episodes 502 (MAL 16498)
[ep:2dhive] 2dhive: no player props for mal 16498 ep1
[ep:animenosub] animenosub match not found for AniList 16498
[ep:senshi] Senshi episodes 502 (MAL 62001)
[ep:2dhive] 2dhive: no player props for mal 62001 ep1
[ep:senshi] Senshi episodes 502 (MAL 51553)
[ep:kaa] KAA: low confidence match for AniList 147105 — best "tongari-boushi-no-atelier-9824" score 0.500
[ep:2dhive] 2dhive: no player props for mal 51553 ep1
[ep:kaa] KAA: low confidence match for AniList 147105 — best "tongari-boushi-no-atelier-9824" score 0.500
[ep:senshi] Senshi episodes 502 (MAL 51553)
[ep:2dhive] 2dhive: no player props for mal 51553 ep1
[ep:senshi] Senshi episodes 502 (MAL 51553)
[ep:kaa] KAA: low confidence match for AniList 147105 — best "tongari-boushi-no-atelier-9824" score 0.500
[ep:2dhive] 2dhive: no player props for mal 51553 ep1
[ep:kaa] KAA: low confidence match for AniList 147105 — best "tongari-boushi-no-atelier-9824" score 0.500
[ep:senshi] Senshi episodes 502 (MAL 51553)
[ep:2dhive] 2dhive: no player props for mal 51553 ep1
[ep:2dhive] 2dhive: no player props for mal 51553 ep1
[ep:kaa] KAA: low confidence match for AniList 147105 — best "tongari-boushi-no-atelier-9824" score 0.500
[ep:senshi] Senshi episodes 502 (MAL 51553)
[ep:senshi] Senshi episodes 502 (MAL 62001)
[ep:2dhive] 2dhive: no player props for mal 62001 ep1
[ep:anibd] anibd: no episodes found for AniList 185874
[ep:kaa] KAA: no search results for AniList 185874
[ep:senshi] Senshi episodes 502 (MAL 60636)
[ep:2dhive] 2dhive: no episodes found for AniList 185874 (MAL 60636)
[ep:anibd] anibd: no episodes found for AniList 185874
[ep:kaa] KAA: no search results for AniList 185874
[ep:senshi] Senshi episodes 502 (MAL 60636)
[ep:2dhive] 2dhive: no episodes found for AniList 185874 (MAL 60636)
[ep:senshi] Senshi episodes 502 (MAL 269)
[ep:animenosub] animenosub match not found for AniList 269
[ep:2dhive] 2dhive: no player props for mal 269 ep1
[ep:senshi] Senshi episodes 502 (MAL 62001)
[ep:2dhive] 2dhive: no player props for mal 62001 ep1
[ep:2dhive] 2dhive: no MAL ID found for AniList 201514
[ep:senshi] Senshi: no MAL ID found for AniList 201514
[ep:animedunya] AnimeDunya: no MAL ID found
[ep:allmanga] Could not resolve titles for AniList ID: 136312
[ep:anibd] anibd: no episodes found for AniList 136312
[ep:anikoto] No data found for AniList ID 136312
[ep:animegg] No data found for AniList ID 136312
[ep:anineko] No data found for AniList ID 136312
[ep:anidbapp] No data found for AniList ID 136312
[ep:animenosub] No data found for AniList ID 136312
[ep:anizone] No data found for AniList ID 136312
[ep:kaa] No data found for AniList ID 136312
[ep:reanime] No data found for AniList ID 136312
[ep:2dhive] No data found for AniList ID 136312
[ep:senshi] No data found for AniList ID 136312
[ep:animedunya] No data found for AniList ID 136312
